! mle Dvorak keymap
keymaps 0-2,4-6,8-9,12
alt_is_meta
include "linux-with-two-alt-keys.inc"
strings as usual
! --------------------------------------------------------------------------
! Row 1
! --------------------------------------------------------------------------
keycode   1 = Escape
! --------------------------------------------------------------------------
! Row 2
! --------------------------------------------------------------------------
keycode  41 = grave          asciitilde
keycode   2 = exclam         percent
keycode   3 = question       seven
keycode   4 = braceleft      five
keycode   5 = bracketleft    three
keycode   6 = parenleft      one
keycode   7 = less           nine
keycode   8 = greater        zero
keycode   9 = parenright     two
keycode  10 = bracketright   four
keycode  11 = braceright     six
keycode  12 = asterisk       eight
keycode  13 = plus           numbersign
keycode  14 = Delete
! --------------------------------------------------------------------------
! Row 3
! --------------------------------------------------------------------------
keycode  15 = Tab
keycode  16 = apostrophe     quotedbl
keycode  17 = comma          ampersand
keycode  18 = period         at
keycode  19 = p
keycode  20 = y
keycode  21 = f
keycode  22 = g
keycode  23 = c
keycode  24 = r
keycode  25 = l
keycode  26 = slash          dollar
keycode  27 = equal          asciicircum
keycode  28 = Return
! --------------------------------------------------------------------------
! Row 4
! --------------------------------------------------------------------------
keycode  58 = Control
keycode  30 = a
keycode  31 = o
keycode  32 = e
keycode  33 = u
keycode  34 = i
keycode  35 = d
keycode  36 = h
keycode  37 = t
keycode  38 = n
keycode  39 = s
keycode  40 = minus          underscore
keycode  43 = backslash      bar
! --------------------------------------------------------------------------
! Row 5
! --------------------------------------------------------------------------
keycode  42 = Shift
keycode  44 = semicolon      colon
keycode  45 = q
keycode  46 = j
keycode  47 = k
keycode  48 = x
keycode  49 = b
keycode  50 = m
keycode  51 = w
keycode  52 = v
keycode  53 = z
keycode  54 = Shift
! --------------------------------------------------------------------------
! Row 6
! --------------------------------------------------------------------------
keycode  29 = Control
keycode  56 = Alt
keycode  57 = space
keycode  97 = Control
keycode  99 = Alt                        # SysRq/PrintScrn
keycode 100 = Compose
